Archive member included to satisfy reference by file (symbol)

/home/loschnigsolutions/STM32_Tools/gcc-arm-none-eabi-7-2018-q2-update/bin/../lib/gcc/arm-none-eabi/7.3.1/../../../../arm-none-eabi/lib/thumb/v7e-m/libg_nano.a(lib_a-errno.o)
                              ./system/src/newlib/_sbrk.o (__errno)
/home/loschnigsolutions/STM32_Tools/gcc-arm-none-eabi-7-2018-q2-update/bin/../lib/gcc/arm-none-eabi/7.3.1/../../../../arm-none-eabi/lib/thumb/v7e-m/libg_nano.a(lib_a-impure.o)
                              /home/loschnigsolutions/STM32_Tools/gcc-arm-none-eabi-7-2018-q2-update/bin/../lib/gcc/arm-none-eabi/7.3.1/../../../../arm-none-eabi/lib/thumb/v7e-m/libg_nano.a(lib_a-errno.o) (_impure_ptr)
/home/loschnigsolutions/STM32_Tools/gcc-arm-none-eabi-7-2018-q2-update/bin/../lib/gcc/arm-none-eabi/7.3.1/../../../../arm-none-eabi/lib/thumb/v7e-m/libg_nano.a(lib_a-strlen.o)
                              ./system/src/diag/Trace.o (strlen)
/home/loschnigsolutions/STM32_Tools/gcc-arm-none-eabi-7-2018-q2-update/bin/../lib/gcc/arm-none-eabi/7.3.1/../../../../arm-none-eabi/lib/thumb/v7e-m/libg_nano.a(lib_a-vsnprintf.o)
                              ./system/src/diag/Trace.o (vsnprintf)
/home/loschnigsolutions/STM32_Tools/gcc-arm-none-eabi-7-2018-q2-update/bin/../lib/gcc/arm-none-eabi/7.3.1/../../../../arm-none-eabi/lib/thumb/v7e-m/libg_nano.a(lib_a-nano-svfprintf.o)
                              /home/loschnigsolutions/STM32_Tools/gcc-arm-none-eabi-7-2018-q2-update/bin/../lib/gcc/arm-none-eabi/7.3.1/../../../../arm-none-eabi/lib/thumb/v7e-m/libg_nano.a(lib_a-vsnprintf.o) (_svfprintf_r)
/home/loschnigsolutions/STM32_Tools/gcc-arm-none-eabi-7-2018-q2-update/bin/../lib/gcc/arm-none-eabi/7.3.1/../../../../arm-none-eabi/lib/thumb/v7e-m/libg_nano.a(lib_a-nano-vfprintf_i.o)
                              /home/loschnigsolutions/STM32_Tools/gcc-arm-none-eabi-7-2018-q2-update/bin/../lib/gcc/arm-none-eabi/7.3.1/../../../../arm-none-eabi/lib/thumb/v7e-m/libg_nano.a(lib_a-nano-svfprintf.o) (_printf_i)
/home/loschnigsolutions/STM32_Tools/gcc-arm-none-eabi-7-2018-q2-update/bin/../lib/gcc/arm-none-eabi/7.3.1/../../../../arm-none-eabi/lib/thumb/v7e-m/libg_nano.a(lib_a-memchr.o)
                              /home/loschnigsolutions/STM32_Tools/gcc-arm-none-eabi-7-2018-q2-update/bin/../lib/gcc/arm-none-eabi/7.3.1/../../../../arm-none-eabi/lib/thumb/v7e-m/libg_nano.a(lib_a-nano-svfprintf.o) (memchr)
/home/loschnigsolutions/STM32_Tools/gcc-arm-none-eabi-7-2018-q2-update/bin/../lib/gcc/arm-none-eabi/7.3.1/../../../../arm-none-eabi/lib/thumb/v7e-m/libg_nano.a(lib_a-memcpy-stub.o)
                              /home/loschnigsolutions/STM32_Tools/gcc-arm-none-eabi-7-2018-q2-update/bin/../lib/gcc/arm-none-eabi/7.3.1/../../../../arm-none-eabi/lib/thumb/v7e-m/libg_nano.a(lib_a-nano-svfprintf.o) (memcpy)
/home/loschnigsolutions/STM32_Tools/gcc-arm-none-eabi-7-2018-q2-update/bin/../lib/gcc/arm-none-eabi/7.3.1/../../../../arm-none-eabi/lib/thumb/v7e-m/libg_nano.a(lib_a-memmove.o)
                              /home/loschnigsolutions/STM32_Tools/gcc-arm-none-eabi-7-2018-q2-update/bin/../lib/gcc/arm-none-eabi/7.3.1/../../../../arm-none-eabi/lib/thumb/v7e-m/libg_nano.a(lib_a-nano-svfprintf.o) (memmove)
/home/loschnigsolutions/STM32_Tools/gcc-arm-none-eabi-7-2018-q2-update/bin/../lib/gcc/arm-none-eabi/7.3.1/../../../../arm-none-eabi/lib/thumb/v7e-m/libg_nano.a(lib_a-nano-freer.o)
                              /home/loschnigsolutions/STM32_Tools/gcc-arm-none-eabi-7-2018-q2-update/bin/../lib/gcc/arm-none-eabi/7.3.1/../../../../arm-none-eabi/lib/thumb/v7e-m/libg_nano.a(lib_a-nano-svfprintf.o) (_free_r)
/home/loschnigsolutions/STM32_Tools/gcc-arm-none-eabi-7-2018-q2-update/bin/../lib/gcc/arm-none-eabi/7.3.1/../../../../arm-none-eabi/lib/thumb/v7e-m/libg_nano.a(lib_a-nano-mallocr.o)
                              /home/loschnigsolutions/STM32_Tools/gcc-arm-none-eabi-7-2018-q2-update/bin/../lib/gcc/arm-none-eabi/7.3.1/../../../../arm-none-eabi/lib/thumb/v7e-m/libg_nano.a(lib_a-nano-svfprintf.o) (_malloc_r)
/home/loschnigsolutions/STM32_Tools/gcc-arm-none-eabi-7-2018-q2-update/bin/../lib/gcc/arm-none-eabi/7.3.1/../../../../arm-none-eabi/lib/thumb/v7e-m/libg_nano.a(lib_a-nano-reallocr.o)
                              /home/loschnigsolutions/STM32_Tools/gcc-arm-none-eabi-7-2018-q2-update/bin/../lib/gcc/arm-none-eabi/7.3.1/../../../../arm-none-eabi/lib/thumb/v7e-m/libg_nano.a(lib_a-nano-svfprintf.o) (_realloc_r)
/home/loschnigsolutions/STM32_Tools/gcc-arm-none-eabi-7-2018-q2-update/bin/../lib/gcc/arm-none-eabi/7.3.1/../../../../arm-none-eabi/lib/thumb/v7e-m/libg_nano.a(lib_a-sbrkr.o)
                              /home/loschnigsolutions/STM32_Tools/gcc-arm-none-eabi-7-2018-q2-update/bin/../lib/gcc/arm-none-eabi/7.3.1/../../../../arm-none-eabi/lib/thumb/v7e-m/libg_nano.a(lib_a-nano-mallocr.o) (_sbrk_r)
[...]
Memory Configuration

Name             Origin             Length             Attributes
RAM              0x0000000020000000 0x0000000000010000 xrw
CCMRAM           0x0000000010000000 0x0000000000000000 xrw
FLASH            0x0000000008000000 0x0000000000100000 xr
FLASHB1          0x0000000000000000 0x0000000000000000 xr
EXTMEMB0         0x0000000000000000 0x0000000000000000 xr
EXTMEMB1         0x0000000000000000 0x0000000000000000 xr
EXTMEMB2         0x0000000000000000 0x0000000000000000 xr
EXTMEMB3         0x0000000000000000 0x0000000000000000 xr
*default*        0x0000000000000000 0xffffffffffffffff

Linker script and memory map

LOAD ./system/src/stm32f4-hal/stm32f4xx_hal.o
LOAD ./system/src/stm32f4-hal/stm32f4xx_hal_cortex.o
LOAD ./system/src/stm32f4-hal/stm32f4xx_hal_dfsdm.o
LOAD ./system/src/stm32f4-hal/stm32f4xx_hal_flash.o
LOAD ./system/src/stm32f4-hal/stm32f4xx_hal_gpio.o
LOAD ./system/src/stm32f4-hal/stm32f4xx_hal_iwdg.o
LOAD ./system/src/stm32f4-hal/stm32f4xx_hal_pwr.o
LOAD ./system/src/stm32f4-hal/stm32f4xx_hal_rcc.o
LOAD ./system/src/newlib/_cxx.o
LOAD ./system/src/newlib/_exit.o
LOAD ./system/src/newlib/_sbrk.o
LOAD ./system/src/newlib/_startup.o
LOAD ./system/src/newlib/_syscalls.o
LOAD ./system/src/newlib/assert.o
LOAD ./system/src/diag/Trace.o
LOAD ./system/src/diag/trace_impl.o
LOAD ./system/src/cortexm/_initialize_hardware.o
LOAD ./system/src/cortexm/_reset_hardware.o
LOAD ./system/src/cortexm/exception_handlers.o
LOAD ./system/src/cmsis/system_stm32f4xx.o
LOAD ./system/src/cmsis/vectors_stm32f401xe.o
LOAD ./src/BlinkLed.o
LOAD ./src/Timer.o
LOAD ./src/_initialize_hardware.o
LOAD ./src/_write.o
LOAD ./src/main.o
LOAD ./src/stm32f4xx_hal_msp.o
LOAD /home/loschnigsolutions/STM32_Tools/gcc-arm-none-eabi-7-2018-q2-update/bin/../lib/gcc/arm-none-eabi/7.3.1/../../../../arm-none-eabi/lib/thumb/v7e-m/libstdc++_nano.a
LOAD /home/loschnigsolutions/STM32_Tools/gcc-arm-none-eabi-7-2018-q2-update/bin/../lib/gcc/arm-none-eabi/7.3.1/../../../../arm-none-eabi/lib/thumb/v7e-m/libm.a
START GROUP
LOAD /home/loschnigsolutions/STM32_Tools/gcc-arm-none-eabi-7-2018-q2-update/bin/../lib/gcc/arm-none-eabi/7.3.1/thumb/v7e-m/libgcc.a
LOAD /home/loschnigsolutions/STM32_Tools/gcc-arm-none-eabi-7-2018-q2-update/bin/../lib/gcc/arm-none-eabi/7.3.1/../../../../arm-none-eabi/lib/thumb/v7e-m/libg_nano.a
LOAD /home/loschnigsolutions/STM32_Tools/gcc-arm-none-eabi-7-2018-q2-update/bin/../lib/gcc/arm-none-eabi/7.3.1/../../../../arm-none-eabi/lib/thumb/v7e-m/libc_nano.a
END GROUP
START GROUP
LOAD /home/loschnigsolutions/STM32_Tools/gcc-arm-none-eabi-7-2018-q2-update/bin/../lib/gcc/arm-none-eabi/7.3.1/thumb/v7e-m/libgcc.a
LOAD /home/loschnigsolutions/STM32_Tools/gcc-arm-none-eabi-7-2018-q2-update/bin/../lib/gcc/arm-none-eabi/7.3.1/../../../../arm-none-eabi/lib/thumb/v7e-m/libc_nano.a
END GROUP
                0x0000000020010000                __stack = (ORIGIN (RAM) + LENGTH (RAM))
                0x0000000020010000                _estack = __stack
                0x0000000000000400                __Main_Stack_Size = 0x400
                [!provide]                        PROVIDE (_Main_Stack_Size = __Main_Stack_Size)
                0x000000002000fc00                __Main_Stack_Limit = (__stack - __Main_Stack_Size)
                [!provide]                        PROVIDE (_Main_Stack_Limit = __Main_Stack_Limit)
                0x0000000000000100                _Minimum_Stack_Size = 0x100
                0x000000002000011c                PROVIDE (_Heap_Begin = _end_noinit)
                0x000000002000fc00                PROVIDE (_Heap_Limit = (__stack - __Main_Stack_Size))

.isr_vector     0x0000000008000000      0x3f4
 FILL mask 0xff
                0x0000000008000000                __vectors_start = ABSOLUTE (.)
                0x0000000008000000                __vectors_start__ = ABSOLUTE (.)
 *(.isr_vector)
 .isr_vector    0x0000000008000000      0x194 ./system/src/cmsis/vectors_stm32f401xe.o
                0x0000000008000000                __isr_vectors
 *(.cfmconfig)
 *(.after_vectors .after_vectors.*)
 .after_vectors
                0x0000000008000194      0x130 ./system/src/newlib/_startup.o
                0x0000000008000194                _start
 .after_vectors
                0x00000000080002c4      0x12c ./system/src/cortexm/exception_handlers.o
                0x00000000080002c4                Reset_Handler
                0x00000000080002ca                NMI_Handler
                0x00000000080002ce                HardFault_Handler
                0x00000000080002e2                HardFault_Handler_C
                0x0000000008000340                MemManage_Handler
                0x0000000008000344                BusFault_Handler
                0x0000000008000358                BusFault_Handler_C
                0x000000000800038c                UsageFault_Handler
                0x00000000080003a0                UsageFault_Handler_C
                0x00000000080003d4                SVC_Handler
                0x00000000080003d8                DebugMon_Handler
                0x00000000080003dc                PendSV_Handler
 .after_vectors
                0x00000000080003f0        0x4 ./system/src/cmsis/vectors_stm32f401xe.o
                0x00000000080003f0                RTC_Alarm_IRQHandler
                0x00000000080003f0                EXTI2_IRQHandler
                0x00000000080003f0                SPI4_IRQHandler
                0x00000000080003f0                TIM1_CC_IRQHandler
                0x00000000080003f0                DMA2_Stream5_IRQHandler
                0x00000000080003f0                DMA1_Stream5_IRQHandler
                0x00000000080003f0                PVD_IRQHandler
                0x00000000080003f0                SDIO_IRQHandler
                0x00000000080003f0                TAMP_STAMP_IRQHandler
                0x00000000080003f0                EXTI3_IRQHandler
                0x00000000080003f0                TIM1_UP_TIM10_IRQHandler
                0x00000000080003f0                I2C3_ER_IRQHandler
                0x00000000080003f0                EXTI0_IRQHandler
                0x00000000080003f0                I2C2_EV_IRQHandler
                0x00000000080003f0                DMA1_Stream2_IRQHandler
                0x00000000080003f0                FPU_IRQHandler
                0x00000000080003f0                DMA2_Stream2_IRQHandler
                0x00000000080003f0                SPI1_IRQHandler
                0x00000000080003f0                TIM1_BRK_TIM9_IRQHandler
                0x00000000080003f0                DMA2_Stream3_IRQHandler
                0x00000000080003f0                USART6_IRQHandler
                0x00000000080003f0                DMA2_Stream0_IRQHandler
                0x00000000080003f0                TIM4_IRQHandler
                0x00000000080003f0                I2C1_EV_IRQHandler
                0x00000000080003f0                DMA1_Stream6_IRQHandler
                0x00000000080003f0                DMA1_Stream1_IRQHandler
                0x00000000080003f0                TIM3_IRQHandler
                0x00000000080003f0                RCC_IRQHandler
                0x00000000080003f0                Default_Handler
                0x00000000080003f0                EXTI15_10_IRQHandler
                0x00000000080003f0                ADC_IRQHandler
                0x00000000080003f0                DMA1_Stream7_IRQHandler
                0x00000000080003f0                TIM5_IRQHandler
                0x00000000080003f0                DMA2_Stream7_IRQHandler
                0x00000000080003f0                I2C3_EV_IRQHandler
                0x00000000080003f0                EXTI9_5_IRQHandler
                0x00000000080003f0                RTC_WKUP_IRQHandler
                0x00000000080003f0                SPI2_IRQHandler
                0x00000000080003f0                DMA1_Stream0_IRQHandler
                0x00000000080003f0                EXTI4_IRQHandler
                0x00000000080003f0                WWDG_IRQHandler
                0x00000000080003f0                TIM2_IRQHandler
                0x00000000080003f0                OTG_FS_WKUP_IRQHandler
                0x00000000080003f0                TIM1_TRG_COM_TIM11_IRQHandler
                0x00000000080003f0                EXTI1_IRQHandler
                0x00000000080003f0                USART2_IRQHandler
                0x00000000080003f0                I2C2_ER_IRQHandler
                0x00000000080003f0                DMA2_Stream1_IRQHandler
                0x00000000080003f0                FLASH_IRQHandler
                0x00000000080003f0                DMA2_Stream4_IRQHandler
                0x00000000080003f0                USART1_IRQHandler
                0x00000000080003f0                OTG_FS_IRQHandler
                0x00000000080003f0                SPI3_IRQHandler
                0x00000000080003f0                DMA1_Stream4_IRQHandler
                0x00000000080003f0                I2C1_ER_IRQHandler
                0x00000000080003f0                DMA2_Stream6_IRQHandler
                0x00000000080003f0                DMA1_Stream3_IRQHandler

.inits          0x00000000080003f4       0x28
                0x00000000080003f4                __data_regions_array_start = .
                0x00000000080003f4        0x4 LONG 0x8001ce8 LOADADDR (.data)
                0x00000000080003f8        0x4 LONG 0x20000000 ADDR (.data)
                0x00000000080003fc        0x4 LONG 0x20000078 (ADDR (.data) + SIZEOF (.data))
                0x0000000008000400        0x4 LONG 0x8001ce8 LOADADDR (.data_CCMRAM)
                0x0000000008000404        0x4 LONG 0x10000000 ADDR (.data_CCMRAM)
                0x0000000008000408        0x4 LONG 0x10000000 (ADDR (.data_CCMRAM) + SIZEOF (.data_CCMRAM))
                0x000000000800040c                __data_regions_array_end = .
                0x000000000800040c                __bss_regions_array_start = .
                0x000000000800040c        0x4 LONG 0x20000078 ADDR (.bss)
                0x0000000008000410        0x4 LONG 0x2000011c (ADDR (.bss) + SIZEOF (.bss))
                0x0000000008000414        0x4 LONG 0x10000000 ADDR (.bss_CCMRAM)
                0x0000000008000418        0x4 LONG 0x10000000 (ADDR (.bss_CCMRAM) + SIZEOF (.bss_CCMRAM))
                0x000000000800041c                __bss_regions_array_end = .
 *(.init)
 *(.fini)
                0x000000000800041c                . = ALIGN (0x4)
                0x000000000800041c                PROVIDE (__preinit_array_start = .)
 *(.preinit_array_sysinit .preinit_array_sysinit.*)
 *(.preinit_array_platform .preinit_array_platform.*)
 *(.preinit_array .preinit_array.*)
                0x000000000800041c                PROVIDE (__preinit_array_end = .)
                0x000000000800041c                . = ALIGN (0x4)
                0x000000000800041c                PROVIDE (__init_array_start = .)
 *(SORT_BY_NAME(.init_array.*))
 *(.init_array)
                0x000000000800041c                PROVIDE (__init_array_end = .)
                0x000000000800041c                . = ALIGN (0x4)
                0x000000000800041c                PROVIDE (__fini_array_start = .)
 *(SORT_BY_NAME(.fini_array.*))
 *(.fini_array)
                0x000000000800041c                PROVIDE (__fini_array_end = .)

.flashtext
 *(.flashtext .flashtext.*)

.text           0x0000000008000420     0x18c7
 *(.text .text.*)
 .text.HAL_InitTick
                0x0000000008000420       0x2c ./system/src/stm32f4-hal/stm32f4xx_hal.o
                0x0000000008000420                HAL_InitTick
 .text.HAL_Init
                0x000000000800044c       0x34 ./system/src/stm32f4-hal/stm32f4xx_hal.o
                0x000000000800044c                HAL_Init
 .text.HAL_IncTick
                0x0000000008000480       0x10 ./system/src/stm32f4-hal/stm32f4xx_hal.o
                0x0000000008000480                HAL_IncTick
 .text.HAL_GetTick
                0x0000000008000490        0xc ./system/src/stm32f4-hal/stm32f4xx_hal.o
                0x0000000008000490                HAL_GetTick
 .text.HAL_NVIC_SetPriorityGrouping
                0x000000000800049c       0x3c ./system/src/stm32f4-hal/stm32f4xx_hal_cortex.o
                0x000000000800049c                HAL_NVIC_SetPriorityGrouping
 .text.HAL_NVIC_SetPriority
                0x00000000080004d8       0x8c ./system/src/stm32f4-hal/stm32f4xx_hal_cortex.o
                0x00000000080004d8                HAL_NVIC_SetPriority
 .text.HAL_SYSTICK_Config
                0x0000000008000564       0x2c ./system/src/stm32f4-hal/stm32f4xx_hal_cortex.o
                0x0000000008000564                HAL_SYSTICK_Config
 .text.HAL_SYSTICK_CLKSourceConfig
                0x0000000008000590       0x3c ./system/src/stm32f4-hal/stm32f4xx_hal_cortex.o
                0x0000000008000590                HAL_SYSTICK_CLKSourceConfig
 .text.HAL_RCC_OscConfig
                0x00000000080005cc      0x43c ./system/src/stm32f4-hal/stm32f4xx_hal_rcc.o
                0x00000000080005cc                HAL_RCC_OscConfig
 .text.HAL_RCC_GetSysClockFreq
                0x0000000008000a08       0x94 ./system/src/stm32f4-hal/stm32f4xx_hal_rcc.o
                0x0000000008000a08                HAL_RCC_GetSysClockFreq
 .text.HAL_RCC_ClockConfig
                0x0000000008000a9c      0x258 ./system/src/stm32f4-hal/stm32f4xx_hal_rcc.o
                0x0000000008000a9c                HAL_RCC_ClockConfig
 .text.HAL_RCC_GetHCLKFreq
                0x0000000008000cf4        0xc ./system/src/stm32f4-hal/stm32f4xx_hal_rcc.o
                0x0000000008000cf4                HAL_RCC_GetHCLKFreq
 .text._exit    0x0000000008000d00        0x2 ./system/src/newlib/_exit.o
                0x0000000008000d00                _exit
 *fill*         0x0000000008000d02        0x2 
 .text.abort    0x0000000008000d04       0x14 ./system/src/newlib/_exit.o
                0x0000000008000d04                abort
 .text._sbrk    0x0000000008000d18       0x44 ./system/src/newlib/_sbrk.o
                0x0000000008000d18                _sbrk
 .text.__initialize_args
                0x0000000008000d5c       0x10 ./system/src/newlib/_syscalls.o
                0x0000000008000d5c                __initialize_args
 .text.assert_failed
                0x0000000008000d6c       0x14 ./system/src/newlib/assert.o
                0x0000000008000d6c                assert_failed
 .text.trace_printf
                0x0000000008000d80       0x30 ./system/src/diag/Trace.o
                0x0000000008000d80                trace_printf
 .text.trace_puts
                0x0000000008000db0       0x20 ./system/src/diag/Trace.o
                0x0000000008000db0                trace_puts
 .text._trace_write_semihosting_debug
                0x0000000008000dd0       0x60 ./system/src/diag/trace_impl.o
 .text.trace_write
                0x0000000008000e30        0x8 ./system/src/diag/trace_impl.o
                0x0000000008000e30                trace_write
 .text.__initialize_hardware_early
                0x0000000008000e38       0x18 ./system/src/cortexm/_initialize_hardware.o
                0x0000000008000e38                __initialize_hardware_early
 .text.dumpExceptionStack
                0x0000000008000e50       0xf4 ./system/src/cortexm/exception_handlers.o
                0x0000000008000e50                dumpExceptionStack
 .text.isSemihosting
                0x0000000008000f44       0x20 ./system/src/cortexm/exception_handlers.o
                0x0000000008000f44                isSemihosting
 .text.SystemInit
                0x0000000008000f64       0x40 ./system/src/cmsis/system_stm32f4xx.o
                0x0000000008000f64                SystemInit
 .text.SystemCoreClockUpdate
                0x0000000008000fa4       0xa0 ./system/src/cmsis/system_stm32f4xx.o
                0x0000000008000fa4                SystemCoreClockUpdate
 .text.timer_tick
                0x0000000008001044       0x14 ./src/Timer.o
                0x0000000008001044                timer_tick
 .text.SysTick_Handler
                0x0000000008001058        0xc ./src/Timer.o
                0x0000000008001058                SysTick_Handler
 .text.SystemClock_Config
                0x0000000008001064       0x98 ./src/_initialize_hardware.o
                0x0000000008001064                SystemClock_Config
 .text.__initialize_hardware
                0x00000000080010fc       0x10 ./src/_initialize_hardware.o
                0x00000000080010fc                __initialize_hardware
 .text.main     0x000000000800110c       0x60 ./src/main.o
                0x000000000800110c                main
 .text.HAL_MspInit
                0x000000000800116c        0x2 ./src/stm32f4xx_hal_msp.o
                0x000000000800116c                HAL_MspInit
 *fill*         0x000000000800116e        0x2 
 .text.__errno  0x0000000008001170        0xc /home/loschnigsolutions/STM32_Tools/gcc-arm-none-eabi-7-2018-q2-update/bin/../lib/gcc/arm-none-eabi/7.3.1/../../../../arm-none-eabi/lib/thumb/v7e-m/libg_nano.a(lib_a-errno.o)
                0x0000000008001170                __errno
 .text          0x000000000800117c       0x10 /home/loschnigsolutions/STM32_Tools/gcc-arm-none-eabi-7-2018-q2-update/bin/../lib/gcc/arm-none-eabi/7.3.1/../../../../arm-none-eabi/lib/thumb/v7e-m/libg_nano.a(lib_a-strlen.o)
                0x000000000800117c                strlen
 .text._vsnprintf_r
                0x000000000800118c       0x58 /home/loschnigsolutions/STM32_Tools/gcc-arm-none-eabi-7-2018-q2-update/bin/../lib/gcc/arm-none-eabi/7.3.1/../../../../arm-none-eabi/lib/thumb/v7e-m/libg_nano.a(lib_a-vsnprintf.o)
                0x000000000800118c                _vsnprintf_r
                0x000000000800118c                _vsniprintf_r
 .text.vsnprintf
                0x00000000080011e4       0x1c /home/loschnigsolutions/STM32_Tools/gcc-arm-none-eabi-7-2018-q2-update/bin/../lib/gcc/arm-none-eabi/7.3.1/../../../../arm-none-eabi/lib/thumb/v7e-m/libg_nano.a(lib_a-vsnprintf.o)
                0x00000000080011e4                vsnprintf
                0x00000000080011e4                vsniprintf
 .text.__ssputs_r
                0x0000000008001200       0xb4 /home/loschnigsolutions/STM32_Tools/gcc-arm-none-eabi-7-2018-q2-update/bin/../lib/gcc/arm-none-eabi/7.3.1/../../../../arm-none-eabi/lib/thumb/v7e-m/libg_nano.a(lib_a-nano-svfprintf.o)
                0x0000000008001200                __ssputs_r
 .text._svfprintf_r
                0x00000000080012b4      0x1f0 /home/loschnigsolutions/STM32_Tools/gcc-arm-none-eabi-7-2018-q2-update/bin/../lib/gcc/arm-none-eabi/7.3.1/../../../../arm-none-eabi/lib/thumb/v7e-m/libg_nano.a(lib_a-nano-svfprintf.o)
                0x00000000080012b4                _svfprintf_r
                0x00000000080012b4                _svfiprintf_r
 .text._printf_common
                0x00000000080014a4       0xea /home/loschnigsolutions/STM32_Tools/gcc-arm-none-eabi-7-2018-q2-update/bin/../lib/gcc/arm-none-eabi/7.3.1/../../../../arm-none-eabi/lib/thumb/v7e-m/libg_nano.a(lib_a-nano-vfprintf_i.o)
                0x00000000080014a4                _printf_common
 *fill*         0x000000000800158e        0x2 
 .text._printf_i
                0x0000000008001590      0x224 /home/loschnigsolutions/STM32_Tools/gcc-arm-none-eabi-7-2018-q2-update/bin/../lib/gcc/arm-none-eabi/7.3.1/../../../../arm-none-eabi/lib/thumb/v7e-m/libg_nano.a(lib_a-nano-vfprintf_i.o)
                0x0000000008001590                _printf_i
 *fill*         0x00000000080017b4        0xc 
 .text          0x00000000080017c0       0xa0 /home/loschnigsolutions/STM32_Tools/gcc-arm-none-eabi-7-2018-q2-update/bin/../lib/gcc/arm-none-eabi/7.3.1/../../../../arm-none-eabi/lib/thumb/v7e-m/libg_nano.a(lib_a-memchr.o)
                0x00000000080017c0                memchr
 .text.memcpy   0x0000000008001860       0x16 /home/loschnigsolutions/STM32_Tools/gcc-arm-none-eabi-7-2018-q2-update/bin/../lib/gcc/arm-none-eabi/7.3.1/../../../../arm-none-eabi/lib/thumb/v7e-m/libg_nano.a(lib_a-memcpy-stub.o)
                0x0000000008001860                memcpy
 .text.memmove  0x0000000008001876       0x32 /home/loschnigsolutions/STM32_Tools/gcc-arm-none-eabi-7-2018-q2-update/bin/../lib/gcc/arm-none-eabi/7.3.1/../../../../arm-none-eabi/lib/thumb/v7e-m/libg_nano.a(lib_a-memmove.o)
                0x0000000008001876                memmove
 .text._free_r  0x00000000080018a8       0x9c /home/loschnigsolutions/STM32_Tools/gcc-arm-none-eabi-7-2018-q2-update/bin/../lib/gcc/arm-none-eabi/7.3.1/../../../../arm-none-eabi/lib/thumb/v7e-m/libg_nano.a(lib_a-nano-freer.o)
                0x00000000080018a8                _free_r
 .text._malloc_r
                0x0000000008001944       0xb4 /home/loschnigsolutions/STM32_Tools/gcc-arm-none-eabi-7-2018-q2-update/bin/../lib/gcc/arm-none-eabi/7.3.1/../../../../arm-none-eabi/lib/thumb/v7e-m/libg_nano.a(lib_a-nano-mallocr.o)
                0x0000000008001944                _malloc_r
 .text._realloc_r
                0x00000000080019f8       0x4c /home/loschnigsolutions/STM32_Tools/gcc-arm-none-eabi-7-2018-q2-update/bin/../lib/gcc/arm-none-eabi/7.3.1/../../../../arm-none-eabi/lib/thumb/v7e-m/libg_nano.a(lib_a-nano-reallocr.o)
                0x00000000080019f8                _realloc_r
 .text._sbrk_r  0x0000000008001a44       0x20 /home/loschnigsolutions/STM32_Tools/gcc-arm-none-eabi-7-2018-q2-update/bin/../lib/gcc/arm-none-eabi/7.3.1/../../../../arm-none-eabi/lib/thumb/v7e-m/libg_nano.a(lib_a-sbrkr.o)
                0x0000000008001a44                _sbrk_r
 .text.__malloc_lock
                0x0000000008001a64        0x2 /home/loschnigsolutions/STM32_Tools/gcc-arm-none-eabi-7-2018-q2-update/bin/../lib/gcc/arm-none-eabi/7.3.1/../../../../arm-none-eabi/lib/thumb/v7e-m/libg_nano.a(lib_a-mlock.o)
                0x0000000008001a64                __malloc_lock
 .text.__malloc_unlock
                0x0000000008001a66        0x2 /home/loschnigsolutions/STM32_Tools/gcc-arm-none-eabi-7-2018-q2-update/bin/../lib/gcc/arm-none-eabi/7.3.1/../../../../arm-none-eabi/lib/thumb/v7e-m/libg_nano.a(lib_a-mlock.o)
                0x0000000008001a66                __malloc_unlock
 .text._malloc_usable_size_r
                0x0000000008001a68       0x10 /home/loschnigsolutions/STM32_Tools/gcc-arm-none-eabi-7-2018-q2-update/bin/../lib/gcc/arm-none-eabi/7.3.1/../../../../arm-none-eabi/lib/thumb/v7e-m/libg_nano.a(lib_a-nano-msizer.o)
                0x0000000008001a68                _malloc_usable_size_r
 *(.rodata .rodata.* .constdata .constdata.*)
 .rodata.HAL_NVIC_SetPriorityGrouping.str1.4
                0x0000000008001a78       0x31 ./system/src/stm32f4-hal/stm32f4xx_hal_cortex.o
 *fill*         0x0000000008001aa9        0x3 
 .rodata.APBAHBPrescTable
                0x0000000008001aac       0x10 ./system/src/stm32f4-hal/stm32f4xx_hal_rcc.o
                0x0000000008001aac                APBAHBPrescTable
 .rodata.HAL_RCC_OscConfig.str1.4
                0x0000000008001abc       0x2e ./system/src/stm32f4-hal/stm32f4xx_hal_rcc.o
 *fill*         0x0000000008001aea        0x2 
 .rodata.abort.str1.4
                0x0000000008001aec       0x14 ./system/src/newlib/_exit.o
 .rodata.assert_failed.str1.4
                0x0000000008001b00       0x2b ./system/src/newlib/assert.o
 .rodata.trace_puts.str1.4
                0x0000000008001b2b       0x2b ./system/src/diag/Trace.o
                                          0x2 (size before relaxing)
 *fill*         0x0000000008001b2b        0x1 
 .rodata.dumpExceptionStack.str1.4
                0x0000000008001b2c      0x11a ./system/src/cortexm/exception_handlers.o
 *fill*         0x0000000008001c46        0x2 
 .rodata.str1.4
                0x0000000008001c48       0x2a ./system/src/cortexm/exception_handlers.o
 *fill*         0x0000000008001c72        0x2 
 .rodata.AHBPrescTable
                0x0000000008001c74       0x10 ./system/src/cmsis/system_stm32f4xx.o
                0x0000000008001c74                AHBPrescTable
 .rodata.main.str1.4
                0x0000000008001c84       0x30 ./src/main.o
                                         0x2e (size before relaxing)
 .rodata._svfprintf_r.str1.1
                0x0000000008001cb4       0x11 /home/loschnigsolutions/STM32_Tools/gcc-arm-none-eabi-7-2018-q2-update/bin/../lib/gcc/arm-none-eabi/7.3.1/../../../../arm-none-eabi/lib/thumb/v7e-m/libg_nano.a(lib_a-nano-svfprintf.o)
 .rodata._printf_i.str1.1
                0x0000000008001cc5       0x22 /home/loschnigsolutions/STM32_Tools/gcc-arm-none-eabi-7-2018-q2-update/bin/../lib/gcc/arm-none-eabi/7.3.1/../../../../arm-none-eabi/lib/thumb/v7e-m/libg_nano.a(lib_a-nano-vfprintf_i.o)
 *(vtable)
 *(.eh_frame*)
 *(.glue_7)
 .glue_7        0x0000000008001ce7        0x0 linker stubs
 *(.glue_7t)
 .glue_7t       0x0000000008001ce7        0x0 linker stubs

.vfp11_veneer   0x0000000008001ce8        0x0
 .vfp11_veneer  0x0000000008001ce8        0x0 linker stubs

.v4_bx          0x0000000008001ce8        0x0
 .v4_bx         0x0000000008001ce8        0x0 linker stubs

.iplt           0x0000000008001ce8        0x0
 .iplt          0x0000000008001ce8        0x0 ./system/src/stm32f4-hal/stm32f4xx_hal.o

.rel.dyn        0x0000000008001ce8        0x0
 .rel.iplt      0x0000000008001ce8        0x0 ./system/src/stm32f4-hal/stm32f4xx_hal.o

.ARM.extab
 *(.ARM.extab* .gnu.linkonce.armextab.*)
                0x0000000008001ce8                . = ALIGN (0x4)
                0x0000000008001ce8                __exidx_start = .

.ARM.exidx
 *(.ARM.exidx* .gnu.linkonce.armexidx.*)
                0x0000000008001ce8                __exidx_end = .
                0x0000000008001ce8                . = ALIGN (0x4)
                0x0000000008001ce8                _etext = .
                0x0000000008001ce8                __etext = .

.data_CCMRAM    0x0000000010000000        0x0 load address 0x0000000008001ce8
 FILL mask 0xff
 *(.data.CCMRAM .data.CCMRAM.*)
                0x0000000010000000                . = ALIGN (0x4)
                0x0000000008001ce8                _sidata = LOADADDR (.data)

.data           0x0000000020000000       0x78 load address 0x0000000008001ce8
 FILL mask 0xff
                0x0000000020000000                _sdata = .
                0x0000000020000000                __data_start__ = .
 *(.data_begin .data_begin.*)
 .data_begin    0x0000000020000000        0x4 ./system/src/newlib/_startup.o
 *(.data .data.*)
 .data.argv.4310
                0x0000000020000004        0x8 ./system/src/newlib/_syscalls.o
 .data.SystemCoreClock
                0x000000002000000c        0x4 ./system/src/cmsis/system_stm32f4xx.o
                0x000000002000000c                SystemCoreClock
 .data._impure_ptr
                0x0000000020000010        0x4 /home/loschnigsolutions/STM32_Tools/gcc-arm-none-eabi-7-2018-q2-update/bin/../lib/gcc/arm-none-eabi/7.3.1/../../../../arm-none-eabi/lib/thumb/v7e-m/libg_nano.a(lib_a-impure.o)
                0x0000000020000010                _impure_ptr
 .data.impure_data
                0x0000000020000014       0x60 /home/loschnigsolutions/STM32_Tools/gcc-arm-none-eabi-7-2018-q2-update/bin/../lib/gcc/arm-none-eabi/7.3.1/../../../../arm-none-eabi/lib/thumb/v7e-m/libg_nano.a(lib_a-impure.o)
 *(.data_end .data_end.*)
 .data_end      0x0000000020000074        0x4 ./system/src/newlib/_startup.o
                0x0000000020000078                . = ALIGN (0x4)
                0x0000000020000078                _edata = .
                0x0000000020000078                __data_end__ = .

.igot.plt       0x0000000020000078        0x0 load address 0x0000000008001d60
 .igot.plt      0x0000000020000078        0x0 ./system/src/stm32f4-hal/stm32f4xx_hal.o

.bss_CCMRAM     0x0000000010000000        0x0
 *(.bss.CCMRAM .bss.CCMRAM.*)

.bss            0x0000000020000078       0xa4
                0x0000000020000078                __bss_start__ = .
                0x0000000020000078                _sbss = .
 *(.bss_begin .bss_begin.*)
 .bss_begin     0x0000000020000078        0x4 ./system/src/newlib/_startup.o
 *(.bss .bss.*)
 .bss.current_heap_end.3961
                0x000000002000007c        0x4 ./system/src/newlib/_sbrk.o
 .bss.name.4309
                0x0000000020000080        0x1 ./system/src/newlib/_syscalls.o
 *fill*         0x0000000020000081        0x3 
 .bss.buf.5205  0x0000000020000084       0x80 ./system/src/diag/Trace.o
 .bss.__malloc_free_list
                0x0000000020000104        0x4 /home/loschnigsolutions/STM32_Tools/gcc-arm-none-eabi-7-2018-q2-update/bin/../lib/gcc/arm-none-eabi/7.3.1/../../../../arm-none-eabi/lib/thumb/v7e-m/libg_nano.a(lib_a-nano-mallocr.o)
                0x0000000020000104                __malloc_free_list
 .bss.__malloc_sbrk_start
                0x0000000020000108        0x4 /home/loschnigsolutions/STM32_Tools/gcc-arm-none-eabi-7-2018-q2-update/bin/../lib/gcc/arm-none-eabi/7.3.1/../../../../arm-none-eabi/lib/thumb/v7e-m/libg_nano.a(lib_a-nano-mallocr.o)
                0x0000000020000108                __malloc_sbrk_start
 *(COMMON)
 COMMON         0x000000002000010c        0x4 ./system/src/stm32f4-hal/stm32f4xx_hal.o
                0x000000002000010c                uwTick
 COMMON         0x0000000020000110        0x4 ./system/src/newlib/_syscalls.o
                0x0000000020000110                errno
 COMMON         0x0000000020000114        0x4 ./src/Timer.o
                0x0000000020000114                timer_delayCount
 *(.bss_end .bss_end.*)
 .bss_end       0x0000000020000118        0x4 ./system/src/newlib/_startup.o
                0x000000002000011c                . = ALIGN (0x4)
                0x000000002000011c                __bss_end__ = .
                0x000000002000011c                _ebss = .

.noinit_CCMRAM
 *(.noinit.CCMRAM .noinit.CCMRAM.*)

.noinit         0x000000002000011c        0x0
                0x000000002000011c                _noinit = .
 *(.noinit .noinit.*)
                0x000000002000011c                . = ALIGN (0x4)
                0x000000002000011c                _end_noinit = .
                [!provide]                        PROVIDE (end = _end_noinit)
                [!provide]                        PROVIDE (_end = _end_noinit)
                [!provide]                        PROVIDE (__end = _end_noinit)
                [!provide]                        PROVIDE (__end__ = _end_noinit)

._check_stack   0x000000002000011c      0x100
                0x000000002000021c                . = (. + _Minimum_Stack_Size)
 *fill*         0x000000002000011c      0x100 

.b1text
 *(.b1text)
 *(.b1rodata)
 *(.b1rodata.*)

.eb0text
 *(.eb0text)
 *(.eb0rodata)
 *(.eb0rodata.*)

.eb1text
 *(.eb1text)
 *(.eb1rodata)
 *(.eb1rodata.*)

.eb2text
 *(.eb2text)
 *(.eb2rodata)
 *(.eb2rodata.*)

.eb3text
 *(.eb3text)
 *(.eb3rodata)
 *(.eb3rodata.*)

.stab
 *(.stab)

.stabstr
 *(.stabstr)

.stab.excl
 *(.stab.excl)

.stab.exclstr
 *(.stab.exclstr)

.stab.index
 *(.stab.index)

.stab.indexstr
 *(.stab.indexstr)

.comment        0x0000000000000000       0x7f
 *(.comment)
 .comment       0x0000000000000000       0x7f ./system/src/stm32f4-hal/stm32f4xx_hal.o
                                         0x80 (size before relaxing)
 .comment       0x000000000000007f       0x80 ./system/src/stm32f4-hal/stm32f4xx_hal_cortex.o
 .comment       0x000000000000007f       0x80 ./system/src/stm32f4-hal/stm32f4xx_hal_rcc.o
 .comment       0x000000000000007f       0x80 ./system/src/newlib/_exit.o
 .comment       0x000000000000007f       0x80 ./system/src/newlib/_sbrk.o
 .comment       0x000000000000007f       0x80 ./system/src/newlib/_startup.o
 .comment       0x000000000000007f       0x80 ./system/src/newlib/_syscalls.o
 .comment       0x000000000000007f       0x80 ./system/src/newlib/assert.o
 .comment       0x000000000000007f       0x80 ./system/src/diag/Trace.o
 .comment       0x000000000000007f       0x80 ./system/src/diag/trace_impl.o
 .comment       0x000000000000007f       0x80 ./system/src/cortexm/_initialize_hardware.o
 .comment       0x000000000000007f       0x80 ./system/src/cortexm/exception_handlers.o
 .comment       0x000000000000007f       0x80 ./system/src/cmsis/system_stm32f4xx.o
 .comment       0x000000000000007f       0x80 ./system/src/cmsis/vectors_stm32f401xe.o
 .comment       0x000000000000007f       0x80 ./src/Timer.o
 .comment       0x000000000000007f       0x80 ./src/_initialize_hardware.o
 .comment       0x000000000000007f       0x80 ./src/main.o
 .comment       0x000000000000007f       0x80 ./src/stm32f4xx_hal_msp.o

.ARM.attributes
                0x0000000000000000       0x31
 .ARM.attributes
                0x0000000000000000       0x33 ./system/src/stm32f4-hal/stm32f4xx_hal.o
 .ARM.attributes
                0x0000000000000033       0x33 ./system/src/stm32f4-hal/stm32f4xx_hal_cortex.o
 .ARM.attributes
                0x0000000000000066       0x33 ./system/src/stm32f4-hal/stm32f4xx_hal_rcc.o
 .ARM.attributes
                0x0000000000000099       0x33 ./system/src/newlib/_exit.o
 .ARM.attributes
                0x00000000000000cc       0x33 ./system/src/newlib/_sbrk.o
 .ARM.attributes
                0x00000000000000ff       0x33 ./system/src/newlib/_startup.o
 .ARM.attributes
                0x0000000000000132       0x33 ./system/src/newlib/_syscalls.o
 .ARM.attributes
                0x0000000000000165       0x33 ./system/src/newlib/assert.o
 .ARM.attributes
                0x0000000000000198       0x33 ./system/src/diag/Trace.o
 .ARM.attributes
                0x00000000000001cb       0x33 ./system/src/diag/trace_impl.o
 .ARM.attributes
                0x00000000000001fe       0x33 ./system/src/cortexm/_initialize_hardware.o
 .ARM.attributes
                0x0000000000000231       0x33 ./system/src/cortexm/exception_handlers.o
 .ARM.attributes
                0x0000000000000264       0x33 ./system/src/cmsis/system_stm32f4xx.o
 .ARM.attributes
                0x0000000000000297       0x33 ./system/src/cmsis/vectors_stm32f401xe.o
 .ARM.attributes
                0x00000000000002ca       0x33 ./src/Timer.o
 .ARM.attributes
                0x00000000000002fd       0x33 ./src/_initialize_hardware.o
 .ARM.attributes
                0x0000000000000330       0x33 ./src/main.o
 .ARM.attributes
                0x0000000000000363       0x33 ./src/stm32f4xx_hal_msp.o
 .ARM.attributes
                0x0000000000000396       0x2e /home/loschnigsolutions/STM32_Tools/gcc-arm-none-eabi-7-2018-q2-update/bin/../lib/gcc/arm-none-eabi/7.3.1/../../../../arm-none-eabi/lib/thumb/v7e-m/libg_nano.a(lib_a-errno.o)
 .ARM.attributes
                0x00000000000003c4       0x2e /home/loschnigsolutions/STM32_Tools/gcc-arm-none-eabi-7-2018-q2-update/bin/../lib/gcc/arm-none-eabi/7.3.1/../../../../arm-none-eabi/lib/thumb/v7e-m/libg_nano.a(lib_a-impure.o)
 .ARM.attributes
                0x00000000000003f2       0x17 /home/loschnigsolutions/STM32_Tools/gcc-arm-none-eabi-7-2018-q2-update/bin/../lib/gcc/arm-none-eabi/7.3.1/../../../../arm-none-eabi/lib/thumb/v7e-m/libg_nano.a(lib_a-strlen.o)
 .ARM.attributes
                0x0000000000000409       0x2e /home/loschnigsolutions/STM32_Tools/gcc-arm-none-eabi-7-2018-q2-update/bin/../lib/gcc/arm-none-eabi/7.3.1/../../../../arm-none-eabi/lib/thumb/v7e-m/libg_nano.a(lib_a-vsnprintf.o)
 .ARM.attributes
                0x0000000000000437       0x2e /home/loschnigsolutions/STM32_Tools/gcc-arm-none-eabi-7-2018-q2-update/bin/../lib/gcc/arm-none-eabi/7.3.1/../../../../arm-none-eabi/lib/thumb/v7e-m/libg_nano.a(lib_a-nano-svfprintf.o)
 .ARM.attributes
                0x0000000000000465       0x2e /home/loschnigsolutions/STM32_Tools/gcc-arm-none-eabi-7-2018-q2-update/bin/../lib/gcc/arm-none-eabi/7.3.1/../../../../arm-none-eabi/lib/thumb/v7e-m/libg_nano.a(lib_a-nano-vfprintf_i.o)
 .ARM.attributes
                0x0000000000000493       0x1c /home/loschnigsolutions/STM32_Tools/gcc-arm-none-eabi-7-2018-q2-update/bin/../lib/gcc/arm-none-eabi/7.3.1/../../../../arm-none-eabi/lib/thumb/v7e-m/libg_nano.a(lib_a-memchr.o)
 .ARM.attributes
                0x00000000000004af       0x2e /home/loschnigsolutions/STM32_Tools/gcc-arm-none-eabi-7-2018-q2-update/bin/../lib/gcc/arm-none-eabi/7.3.1/../../../../arm-none-eabi/lib/thumb/v7e-m/libg_nano.a(lib_a-memcpy-stub.o)
 .ARM.attributes
                0x00000000000004dd       0x2e /home/loschnigsolutions/STM32_Tools/gcc-arm-none-eabi-7-2018-q2-update/bin/../lib/gcc/arm-none-eabi/7.3.1/../../../../arm-none-eabi/lib/thumb/v7e-m/libg_nano.a(lib_a-memmove.o)
 .ARM.attributes
                0x000000000000050b       0x2e /home/loschnigsolutions/STM32_Tools/gcc-arm-none-eabi-7-2018-q2-update/bin/../lib/gcc/arm-none-eabi/7.3.1/../../../../arm-none-eabi/lib/thumb/v7e-m/libg_nano.a(lib_a-nano-freer.o)
 .ARM.attributes
                0x0000000000000539       0x2e /home/loschnigsolutions/STM32_Tools/gcc-arm-none-eabi-7-2018-q2-update/bin/../lib/gcc/arm-none-eabi/7.3.1/../../../../arm-none-eabi/lib/thumb/v7e-m/libg_nano.a(lib_a-nano-mallocr.o)
 .ARM.attributes
                0x0000000000000567       0x2e /home/loschnigsolutions/STM32_Tools/gcc-arm-none-eabi-7-2018-q2-update/bin/../lib/gcc/arm-none-eabi/7.3.1/../../../../arm-none-eabi/lib/thumb/v7e-m/libg_nano.a(lib_a-nano-reallocr.o)
 .ARM.attributes
                0x0000000000000595       0x2e /home/loschnigsolutions/STM32_Tools/gcc-arm-none-eabi-7-2018-q2-update/bin/../lib/gcc/arm-none-eabi/7.3.1/../../../../arm-none-eabi/lib/thumb/v7e-m/libg_nano.a(lib_a-sbrkr.o)
 .ARM.attributes
                0x00000000000005c3       0x2e /home/loschnigsolutions/STM32_Tools/gcc-arm-none-eabi-7-2018-q2-update/bin/../lib/gcc/arm-none-eabi/7.3.1/../../../../arm-none-eabi/lib/thumb/v7e-m/libg_nano.a(lib_a-mlock.o)
 .ARM.attributes
                0x00000000000005f1       0x2e /home/loschnigsolutions/STM32_Tools/gcc-arm-none-eabi-7-2018-q2-update/bin/../lib/gcc/arm-none-eabi/7.3.1/../../../../arm-none-eabi/lib/thumb/v7e-m/libg_nano.a(lib_a-nano-msizer.o)

.debug
 *(.debug)

.line
 *(.line)

.debug_srcinfo
 *(.debug_srcinfo)

.debug_sfnames
 *(.debug_sfnames)

.debug_aranges  0x0000000000000000      0x4e0
 *(.debug_aranges)
 .debug_aranges
                0x0000000000000000       0xc0 ./system/src/stm32f4-hal/stm32f4xx_hal.o
 .debug_aranges
                0x00000000000000c0       0x98 ./system/src/stm32f4-hal/stm32f4xx_hal_cortex.o
 .debug_aranges
                0x0000000000000158       0x88 ./system/src/stm32f4-hal/stm32f4xx_hal_rcc.o
 .debug_aranges
                0x00000000000001e0       0x28 ./system/src/newlib/_exit.o
 .debug_aranges
                0x0000000000000208       0x20 ./system/src/newlib/_sbrk.o
 .debug_aranges
                0x0000000000000228       0x40 ./system/src/newlib/_startup.o
 .debug_aranges
                0x0000000000000268       0x30 ./system/src/newlib/_syscalls.o
 .debug_aranges
                0x0000000000000298       0x28 ./system/src/newlib/assert.o
 .debug_aranges
                0x00000000000002c0       0x38 ./system/src/diag/Trace.o
 .debug_aranges
                0x00000000000002f8       0x30 ./system/src/diag/trace_impl.o
 .debug_aranges
                0x0000000000000328       0x28 ./system/src/cortexm/_initialize_hardware.o
 .debug_aranges
                0x0000000000000350       0x90 ./system/src/cortexm/exception_handlers.o
 .debug_aranges
                0x00000000000003e0       0x28 ./system/src/cmsis/system_stm32f4xx.o
 .debug_aranges
                0x0000000000000408       0x20 ./system/src/cmsis/vectors_stm32f401xe.o
 .debug_aranges
                0x0000000000000428       0x38 ./src/Timer.o
 .debug_aranges
                0x0000000000000460       0x28 ./src/_initialize_hardware.o
 .debug_aranges
                0x0000000000000488       0x20 ./src/main.o
 .debug_aranges
                0x00000000000004a8       0x38 ./src/stm32f4xx_hal_msp.o

.debug_pubnames
 *(.debug_pubnames)

.debug_info     0x0000000000000000     0xde1f
 *(.debug_info .gnu.linkonce.wi.*)
 .debug_info    0x0000000000000000     0x107e ./system/src/stm32f4-hal/stm32f4xx_hal.o
 .debug_info    0x000000000000107e     0x1863 ./system/src/stm32f4-hal/stm32f4xx_hal_cortex.o
 .debug_info    0x00000000000028e1     0x177e ./system/src/stm32f4-hal/stm32f4xx_hal_rcc.o
 .debug_info    0x000000000000405f      0x956 ./system/src/newlib/_exit.o
 .debug_info    0x00000000000049b5      0x942 ./system/src/newlib/_sbrk.o
 .debug_info    0x00000000000052f7      0x4bf ./system/src/newlib/_startup.o
 .debug_info    0x00000000000057b6      0xa19 ./system/src/newlib/_syscalls.o
 .debug_info    0x00000000000061cf      0x9ff ./system/src/newlib/assert.o
 .debug_info    0x0000000000006bce      0xb2a ./system/src/diag/Trace.o
 .debug_info    0x00000000000076f8      0xb6b ./system/src/diag/trace_impl.o
 .debug_info    0x0000000000008263      0xade ./system/src/cortexm/_initialize_hardware.o
 .debug_info    0x0000000000008d41     0x115a ./system/src/cortexm/exception_handlers.o
 .debug_info    0x0000000000009e9b      0xcfe ./system/src/cmsis/system_stm32f4xx.o
 .debug_info    0x000000000000ab99       0xca ./system/src/cmsis/vectors_stm32f401xe.o
 .debug_info    0x000000000000ac63      0xeaa ./src/Timer.o
 .debug_info    0x000000000000bb0d      0xd34 ./src/_initialize_hardware.o
 .debug_info    0x000000000000c841      0xccf ./src/main.o
 .debug_info    0x000000000000d510      0x90f ./src/stm32f4xx_hal_msp.o

.debug_abbrev   0x0000000000000000     0x2a59
 *(.debug_abbrev)
 .debug_abbrev  0x0000000000000000      0x32b ./system/src/stm32f4-hal/stm32f4xx_hal.o
 .debug_abbrev  0x000000000000032b      0x3f1 ./system/src/stm32f4-hal/stm32f4xx_hal_cortex.o
 .debug_abbrev  0x000000000000071c      0x394 ./system/src/stm32f4-hal/stm32f4xx_hal_rcc.o
 .debug_abbrev  0x0000000000000ab0      0x1f3 ./system/src/newlib/_exit.o
 .debug_abbrev  0x0000000000000ca3      0x1fc ./system/src/newlib/_sbrk.o
 .debug_abbrev  0x0000000000000e9f      0x1cb ./system/src/newlib/_startup.o
 .debug_abbrev  0x000000000000106a      0x234 ./system/src/newlib/_syscalls.o
 .debug_abbrev  0x000000000000129e      0x1f3 ./system/src/newlib/assert.o
 .debug_abbrev  0x0000000000001491      0x276 ./system/src/diag/Trace.o
 .debug_abbrev  0x0000000000001707      0x2ef ./system/src/diag/trace_impl.o
 .debug_abbrev  0x00000000000019f6      0x1de ./system/src/cortexm/_initialize_hardware.o
 .debug_abbrev  0x0000000000001bd4      0x32b ./system/src/cortexm/exception_handlers.o
 .debug_abbrev  0x0000000000001eff      0x216 ./system/src/cmsis/system_stm32f4xx.o
 .debug_abbrev  0x0000000000002115       0x9d ./system/src/cmsis/vectors_stm32f401xe.o
 .debug_abbrev  0x00000000000021b2      0x2b2 ./src/Timer.o
 .debug_abbrev  0x0000000000002464      0x22d ./src/_initialize_hardware.o
 .debug_abbrev  0x0000000000002691      0x217 ./src/main.o
 .debug_abbrev  0x00000000000028a8      0x1b1 ./src/stm32f4xx_hal_msp.o

.debug_line     0x0000000000000000     0x9513
 *(.debug_line)
 .debug_line    0x0000000000000000      0xbd0 ./system/src/stm32f4-hal/stm32f4xx_hal.o
 .debug_line    0x0000000000000bd0      0xcc7 ./system/src/stm32f4-hal/stm32f4xx_hal_cortex.o
 .debug_line    0x0000000000001897      0xe52 ./system/src/stm32f4-hal/stm32f4xx_hal_rcc.o
 .debug_line    0x00000000000026e9      0x393 ./system/src/newlib/_exit.o
 .debug_line    0x0000000000002a7c      0x347 ./system/src/newlib/_sbrk.o
 .debug_line    0x0000000000002dc3      0x40f ./system/src/newlib/_startup.o
 .debug_line    0x00000000000031d2      0x46e ./system/src/newlib/_syscalls.o
 .debug_line    0x0000000000003640      0x3ce ./system/src/newlib/assert.o
 .debug_line    0x0000000000003a0e      0x40f ./system/src/diag/Trace.o
 .debug_line    0x0000000000003e1d      0xb03 ./system/src/diag/trace_impl.o
 .debug_line    0x0000000000004920      0xa6c ./system/src/cortexm/_initialize_hardware.o
 .debug_line    0x000000000000538c      0xbba ./system/src/cortexm/exception_handlers.o
 .debug_line    0x0000000000005f46      0xa72 ./system/src/cmsis/system_stm32f4xx.o
 .debug_line    0x00000000000069b8      0x113 ./system/src/cmsis/vectors_stm32f401xe.o
 .debug_line    0x0000000000006acb      0xac6 ./src/Timer.o
 .debug_line    0x0000000000007591      0xa65 ./src/_initialize_hardware.o
 .debug_line    0x0000000000007ff6      0xab7 ./src/main.o
 .debug_line    0x0000000000008aad      0xa66 ./src/stm32f4xx_hal_msp.o

.debug_frame    0x0000000000000000      0xc74
 *(.debug_frame)
 .debug_frame   0x0000000000000000      0x188 ./system/src/stm32f4-hal/stm32f4xx_hal.o
 .debug_frame   0x0000000000000188      0x17c ./system/src/stm32f4-hal/stm32f4xx_hal_cortex.o
 .debug_frame   0x0000000000000304      0x140 ./system/src/stm32f4-hal/stm32f4xx_hal_rcc.o
 .debug_frame   0x0000000000000444       0x38 ./system/src/newlib/_exit.o
 .debug_frame   0x000000000000047c       0x28 ./system/src/newlib/_sbrk.o
 .debug_frame   0x00000000000004a4       0x7c ./system/src/newlib/_startup.o
 .debug_frame   0x0000000000000520       0x50 ./system/src/newlib/_syscalls.o
 .debug_frame   0x0000000000000570       0x40 ./system/src/newlib/assert.o
 .debug_frame   0x00000000000005b0       0x94 ./system/src/diag/Trace.o
 .debug_frame   0x0000000000000644       0x64 ./system/src/diag/trace_impl.o
 .debug_frame   0x00000000000006a8       0x40 ./system/src/cortexm/_initialize_hardware.o
 .debug_frame   0x00000000000006e8      0x158 ./system/src/cortexm/exception_handlers.o
 .debug_frame   0x0000000000000840       0x30 ./system/src/cmsis/system_stm32f4xx.o
 .debug_frame   0x0000000000000870       0x20 ./system/src/cmsis/vectors_stm32f401xe.o
 .debug_frame   0x0000000000000890       0x58 ./src/Timer.o
 .debug_frame   0x00000000000008e8       0x4c ./src/_initialize_hardware.o
 .debug_frame   0x0000000000000934       0x28 ./src/main.o
 .debug_frame   0x000000000000095c       0x50 ./src/stm32f4xx_hal_msp.o
 .debug_frame   0x00000000000009ac       0x20 /home/loschnigsolutions/STM32_Tools/gcc-arm-none-eabi-7-2018-q2-update/bin/../lib/gcc/arm-none-eabi/7.3.1/../../../../arm-none-eabi/lib/thumb/v7e-m/libg_nano.a(lib_a-errno.o)
 .debug_frame   0x00000000000009cc       0x4c /home/loschnigsolutions/STM32_Tools/gcc-arm-none-eabi-7-2018-q2-update/bin/../lib/gcc/arm-none-eabi/7.3.1/../../../../arm-none-eabi/lib/thumb/v7e-m/libg_nano.a(lib_a-vsnprintf.o)
 .debug_frame   0x0000000000000a18       0x90 /home/loschnigsolutions/STM32_Tools/gcc-arm-none-eabi-7-2018-q2-update/bin/../lib/gcc/arm-none-eabi/7.3.1/../../../../arm-none-eabi/lib/thumb/v7e-m/libg_nano.a(lib_a-nano-svfprintf.o)
 .debug_frame   0x0000000000000aa8       0x60 /home/loschnigsolutions/STM32_Tools/gcc-arm-none-eabi-7-2018-q2-update/bin/../lib/gcc/arm-none-eabi/7.3.1/../../../../arm-none-eabi/lib/thumb/v7e-m/libg_nano.a(lib_a-nano-vfprintf_i.o)
 .debug_frame   0x0000000000000b08       0x28 /home/loschnigsolutions/STM32_Tools/gcc-arm-none-eabi-7-2018-q2-update/bin/../lib/gcc/arm-none-eabi/7.3.1/../../../../arm-none-eabi/lib/thumb/v7e-m/libg_nano.a(lib_a-memcpy-stub.o)
 .debug_frame   0x0000000000000b30       0x28 /home/loschnigsolutions/STM32_Tools/gcc-arm-none-eabi-7-2018-q2-update/bin/../lib/gcc/arm-none-eabi/7.3.1/../../../../arm-none-eabi/lib/thumb/v7e-m/libg_nano.a(lib_a-memmove.o)
 .debug_frame   0x0000000000000b58       0x38 /home/loschnigsolutions/STM32_Tools/gcc-arm-none-eabi-7-2018-q2-update/bin/../lib/gcc/arm-none-eabi/7.3.1/../../../../arm-none-eabi/lib/thumb/v7e-m/libg_nano.a(lib_a-nano-freer.o)
 .debug_frame   0x0000000000000b90       0x2c /home/loschnigsolutions/STM32_Tools/gcc-arm-none-eabi-7-2018-q2-update/bin/../lib/gcc/arm-none-eabi/7.3.1/../../../../arm-none-eabi/lib/thumb/v7e-m/libg_nano.a(lib_a-nano-mallocr.o)
 .debug_frame   0x0000000000000bbc       0x3c /home/loschnigsolutions/STM32_Tools/gcc-arm-none-eabi-7-2018-q2-update/bin/../lib/gcc/arm-none-eabi/7.3.1/../../../../arm-none-eabi/lib/thumb/v7e-m/libg_nano.a(lib_a-nano-reallocr.o)
 .debug_frame   0x0000000000000bf8       0x2c /home/loschnigsolutions/STM32_Tools/gcc-arm-none-eabi-7-2018-q2-update/bin/../lib/gcc/arm-none-eabi/7.3.1/../../../../arm-none-eabi/lib/thumb/v7e-m/libg_nano.a(lib_a-sbrkr.o)
 .debug_frame   0x0000000000000c24       0x30 /home/loschnigsolutions/STM32_Tools/gcc-arm-none-eabi-7-2018-q2-update/bin/../lib/gcc/arm-none-eabi/7.3.1/../../../../arm-none-eabi/lib/thumb/v7e-m/libg_nano.a(lib_a-mlock.o)
 .debug_frame   0x0000000000000c54       0x20 /home/loschnigsolutions/STM32_Tools/gcc-arm-none-eabi-7-2018-q2-update/bin/../lib/gcc/arm-none-eabi/7.3.1/../../../../arm-none-eabi/lib/thumb/v7e-m/libg_nano.a(lib_a-nano-msizer.o)

.debug_str      0x0000000000000000    0x735fe
 *(.debug_str)
 .debug_str     0x0000000000000000    0x6fc3d ./system/src/stm32f4-hal/stm32f4xx_hal.o
                                      0x7006e (size before relaxing)
 .debug_str     0x000000000006fc3d      0x39d ./system/src/stm32f4-hal/stm32f4xx_hal_cortex.o
                                      0x6fed8 (size before relaxing)
 .debug_str     0x000000000006ffda      0x400 ./system/src/stm32f4-hal/stm32f4xx_hal_rcc.o
                                      0x6fbf0 (size before relaxing)
 .debug_str     0x00000000000703da     0x10ff ./system/src/newlib/_exit.o
                                       0x7daf (size before relaxing)
 .debug_str     0x00000000000714d9      0x4f5 ./system/src/newlib/_sbrk.o
                                       0x7161 (size before relaxing)
 .debug_str     0x00000000000719ce      0x2c6 ./system/src/newlib/_startup.o
                                       0x6902 (size before relaxing)
 .debug_str     0x0000000000071c94      0xe8b ./system/src/newlib/_syscalls.o
                                       0x803c (size before relaxing)
 .debug_str     0x0000000000072b1f       0xd0 ./system/src/newlib/assert.o
                                       0x88b4 (size before relaxing)
 .debug_str     0x0000000000072bef      0x176 ./system/src/diag/Trace.o
                                       0x8527 (size before relaxing)
 .debug_str     0x0000000000072d65      0x37b ./system/src/diag/trace_impl.o
                                      0x7096d (size before relaxing)
 .debug_str     0x00000000000730e0       0x5e ./system/src/cortexm/_initialize_hardware.o
                                      0x6f6ff (size before relaxing)
 .debug_str     0x000000000007313e      0x19d ./system/src/cortexm/exception_handlers.o
                                      0x70af7 (size before relaxing)
 .debug_str     0x00000000000732db       0x46 ./system/src/cmsis/system_stm32f4xx.o
                                      0x6f7e0 (size before relaxing)
 .debug_str     0x0000000000073321       0x59 ./system/src/cmsis/vectors_stm32f401xe.o
                                       0x3882 (size before relaxing)
 .debug_str     0x000000000007337a       0x76 ./src/Timer.o
                                      0x6fb87 (size before relaxing)
 .debug_str     0x00000000000733f0       0x31 ./src/_initialize_hardware.o
                                      0x6f8f6 (size before relaxing)
 .debug_str     0x0000000000073421      0x1a0 ./src/main.o
                                      0x70a1d (size before relaxing)
 .debug_str     0x00000000000735c1       0x3d ./src/stm32f4xx_hal_msp.o
                                      0x6f647 (size before relaxing)

.debug_loc      0x0000000000000000     0x183f
 *(.debug_loc)
 .debug_loc     0x0000000000000000       0x92 ./system/src/stm32f4-hal/stm32f4xx_hal.o
 .debug_loc     0x0000000000000092      0x73b ./system/src/stm32f4-hal/stm32f4xx_hal_cortex.o
 .debug_loc     0x00000000000007cd      0x50a ./system/src/stm32f4-hal/stm32f4xx_hal_rcc.o
 .debug_loc     0x0000000000000cd7       0x85 ./system/src/newlib/_sbrk.o
 .debug_loc     0x0000000000000d5c      0x2cb ./system/src/newlib/_startup.o
 .debug_loc     0x0000000000001027       0x63 ./system/src/newlib/_syscalls.o
 .debug_loc     0x000000000000108a      0x134 ./system/src/newlib/assert.o
 .debug_loc     0x00000000000011be       0xf6 ./system/src/diag/Trace.o
 .debug_loc     0x00000000000012b4      0x121 ./system/src/diag/trace_impl.o
 .debug_loc     0x00000000000013d5      0x291 ./system/src/cortexm/exception_handlers.o
 .debug_loc     0x0000000000001666      0x13e ./system/src/cmsis/system_stm32f4xx.o
 .debug_loc     0x00000000000017a4       0x59 ./src/Timer.o
 .debug_loc     0x00000000000017fd       0x42 ./src/main.o

.debug_macinfo
 *(.debug_macinfo)

.debug_weaknames
 *(.debug_weaknames)

.debug_funcnames
 *(.debug_funcnames)

.debug_typenames
 *(.debug_typenames)

.debug_varnames
 *(.debug_varnames)
OUTPUT(Tim2.elf elf32-littlearm)

.debug_ranges   0x0000000000000000      0x4b0
 .debug_ranges  0x0000000000000000       0xb0 ./system/src/stm32f4-hal/stm32f4xx_hal.o
 .debug_ranges  0x00000000000000b0       0xe8 ./system/src/stm32f4-hal/stm32f4xx_hal_cortex.o
 .debug_ranges  0x0000000000000198       0x78 ./system/src/stm32f4-hal/stm32f4xx_hal_rcc.o
 .debug_ranges  0x0000000000000210       0x18 ./system/src/newlib/_exit.o
 .debug_ranges  0x0000000000000228       0x10 ./system/src/newlib/_sbrk.o
 .debug_ranges  0x0000000000000238       0x90 ./system/src/newlib/_startup.o
 .debug_ranges  0x00000000000002c8       0x20 ./system/src/newlib/_syscalls.o
 .debug_ranges  0x00000000000002e8       0x18 ./system/src/newlib/assert.o
 .debug_ranges  0x0000000000000300       0x28 ./system/src/diag/Trace.o
 .debug_ranges  0x0000000000000328       0x50 ./system/src/diag/trace_impl.o
 .debug_ranges  0x0000000000000378       0x18 ./system/src/cortexm/_initialize_hardware.o
 .debug_ranges  0x0000000000000390       0x80 ./system/src/cortexm/exception_handlers.o
 .debug_ranges  0x0000000000000410       0x18 ./system/src/cmsis/system_stm32f4xx.o
 .debug_ranges  0x0000000000000428       0x10 ./system/src/cmsis/vectors_stm32f401xe.o
 .debug_ranges  0x0000000000000438       0x28 ./src/Timer.o
 .debug_ranges  0x0000000000000460       0x18 ./src/_initialize_hardware.o
 .debug_ranges  0x0000000000000478       0x10 ./src/main.o
 .debug_ranges  0x0000000000000488       0x28 ./src/stm32f4xx_hal_msp.o

.debug_macro    0x0000000000000000    0x158f7
 .debug_macro   0x0000000000000000      0x532 ./system/src/stm32f4-hal/stm32f4xx_hal.o
 .debug_macro   0x0000000000000532      0xa6c ./system/src/stm32f4-hal/stm32f4xx_hal.o
 .debug_macro   0x0000000000000f9e      0x289 ./system/src/stm32f4-hal/stm32f4xx_hal.o
 .debug_macro   0x0000000000001227       0x31 ./system/src/stm32f4-hal/stm32f4xx_hal.o
 .debug_macro   0x0000000000001258       0x28 ./system/src/stm32f4-hal/stm32f4xx_hal.o
 .debug_macro   0x0000000000001280      0x34e ./system/src/stm32f4-hal/stm32f4xx_hal.o
 .debug_macro   0x00000000000015ce       0x35 ./system/src/stm32f4-hal/stm32f4xx_hal.o
 .debug_macro   0x0000000000001603       0x50 ./system/src/stm32f4-hal/stm32f4xx_hal.o
 .debug_macro   0x0000000000001653      0xe66 ./system/src/stm32f4-hal/stm32f4xx_hal.o
 .debug_macro   0x00000000000024b9     0x5099 ./system/src/stm32f4-hal/stm32f4xx_hal.o
 .debug_macro   0x0000000000007552       0x43 ./system/src/stm32f4-hal/stm32f4xx_hal.o
 .debug_macro   0x0000000000007595     0x347f ./system/src/stm32f4-hal/stm32f4xx_hal.o
 .debug_macro   0x000000000000aa14       0x22 ./system/src/stm32f4-hal/stm32f4xx_hal.o
 .debug_macro   0x000000000000aa36       0x58 ./system/src/stm32f4-hal/stm32f4xx_hal.o
 .debug_macro   0x000000000000aa8e       0x18 ./system/src/stm32f4-hal/stm32f4xx_hal.o
 .debug_macro   0x000000000000aaa6       0x94 ./system/src/stm32f4-hal/stm32f4xx_hal.o
 .debug_macro   0x000000000000ab3a       0x35 ./system/src/stm32f4-hal/stm32f4xx_hal.o
 .debug_macro   0x000000000000ab6f       0x34 ./system/src/stm32f4-hal/stm32f4xx_hal.o
 .debug_macro   0x000000000000aba3       0x16 ./system/src/stm32f4-hal/stm32f4xx_hal.o
 .debug_macro   0x000000000000abb9       0x57 ./system/src/stm32f4-hal/stm32f4xx_hal.o
 .debug_macro   0x000000000000ac10       0x97 ./system/src/stm32f4-hal/stm32f4xx_hal.o
 .debug_macro   0x000000000000aca7      0x330 ./system/src/stm32f4-hal/stm32f4xx_hal.o
 .debug_macro   0x000000000000afd7       0xfd ./system/src/stm32f4-hal/stm32f4xx_hal.o
 .debug_macro   0x000000000000b0d4       0x10 ./system/src/stm32f4-hal/stm32f4xx_hal.o
 .debug_macro   0x000000000000b0e4       0x58 ./system/src/stm32f4-hal/stm32f4xx_hal.o
 .debug_macro   0x000000000000b13c       0x1f ./system/src/stm32f4-hal/stm32f4xx_hal.o
 .debug_macro   0x000000000000b15b       0x43 ./system/src/stm32f4-hal/stm32f4xx_hal.o
 .debug_macro   0x000000000000b19e       0x20 ./system/src/stm32f4-hal/stm32f4xx_hal.o
 .debug_macro   0x000000000000b1be      0x18e ./system/src/stm32f4-hal/stm32f4xx_hal.o
 .debug_macro   0x000000000000b34c       0x10 ./system/src/stm32f4-hal/stm32f4xx_hal.o
 .debug_macro   0x000000000000b35c       0x6a ./system/src/stm32f4-hal/stm32f4xx_hal.o
 .debug_macro   0x000000000000b3c6       0x1c ./system/src/stm32f4-hal/stm32f4xx_hal.o
 .debug_macro   0x000000000000b3e2       0x52 ./system/src/stm32f4-hal/stm32f4xx_hal.o
 .debug_macro   0x000000000000b434       0x40 ./system/src/stm32f4-hal/stm32f4xx_hal.o
 .debug_macro   0x000000000000b474       0x10 ./system/src/stm32f4-hal/stm32f4xx_hal.o
 .debug_macro   0x000000000000b484       0x40 ./system/src/stm32f4-hal/stm32f4xx_hal.o
 .debug_macro   0x000000000000b4c4       0xd7 ./system/src/stm32f4-hal/stm32f4xx_hal.o
 .debug_macro   0x000000000000b59b       0x1c ./system/src/stm32f4-hal/stm32f4xx_hal.o
 .debug_macro   0x000000000000b5b7       0x3d ./system/src/stm32f4-hal/stm32f4xx_hal.o
 .debug_macro   0x000000000000b5f4       0x16 ./system/src/stm32f4-hal/stm32f4xx_hal.o
 .debug_macro   0x000000000000b60a      0x16f ./system/src/stm32f4-hal/stm32f4xx_hal.o
 .debug_macro   0x000000000000b779       0x57 ./system/src/stm32f4-hal/stm32f4xx_hal.o
 .debug_macro   0x000000000000b7d0      0x424 ./system/src/stm32f4-hal/stm32f4xx_hal.o
 .debug_macro   0x000000000000bbf4      0x9e1 ./system/src/stm32f4-hal/stm32f4xx_hal.o
 .debug_macro   0x000000000000c5d5      0x11e ./system/src/stm32f4-hal/stm32f4xx_hal.o
 .debug_macro   0x000000000000c6f3       0xf8 ./system/src/stm32f4-hal/stm32f4xx_hal.o
 .debug_macro   0x000000000000c7eb       0x27 ./system/src/stm32f4-hal/stm32f4xx_hal.o
 .debug_macro   0x000000000000c812      0x287 ./system/src/stm32f4-hal/stm32f4xx_hal.o
 .debug_macro   0x000000000000ca99       0x5f ./system/src/stm32f4-hal/stm32f4xx_hal.o
 .debug_macro   0x000000000000caf8      0x23a ./system/src/stm32f4-hal/stm32f4xx_hal.o
 .debug_macro   0x000000000000cd32      0x391 ./system/src/stm32f4-hal/stm32f4xx_hal.o
 .debug_macro   0x000000000000d0c3      0x16f ./system/src/stm32f4-hal/stm32f4xx_hal.o
 .debug_macro   0x000000000000d232       0xf9 ./system/src/stm32f4-hal/stm32f4xx_hal.o
 .debug_macro   0x000000000000d32b       0x23 ./system/src/stm32f4-hal/stm32f4xx_hal.o
 .debug_macro   0x000000000000d34e      0x13a ./system/src/stm32f4-hal/stm32f4xx_hal.o
 .debug_macro   0x000000000000d488      0x264 ./system/src/stm32f4-hal/stm32f4xx_hal.o
 .debug_macro   0x000000000000d6ec       0x2e ./system/src/stm32f4-hal/stm32f4xx_hal.o
 .debug_macro   0x000000000000d71a      0x1a7 ./system/src/stm32f4-hal/stm32f4xx_hal.o
 .debug_macro   0x000000000000d8c1       0x22 ./system/src/stm32f4-hal/stm32f4xx_hal.o
 .debug_macro   0x000000000000d8e3       0xa5 ./system/src/stm32f4-hal/stm32f4xx_hal.o
 .debug_macro   0x000000000000d988      0x18b ./system/src/stm32f4-hal/stm32f4xx_hal.o
 .debug_macro   0x000000000000db13       0x24 ./system/src/stm32f4-hal/stm32f4xx_hal.o
 .debug_macro   0x000000000000db37       0x35 ./system/src/stm32f4-hal/stm32f4xx_hal.o
 .debug_macro   0x000000000000db6c       0x79 ./system/src/stm32f4-hal/stm32f4xx_hal.o
 .debug_macro   0x000000000000dbe5      0x11e ./system/src/stm32f4-hal/stm32f4xx_hal.o
 .debug_macro   0x000000000000dd03       0x85 ./system/src/stm32f4-hal/stm32f4xx_hal.o
 .debug_macro   0x000000000000dd88       0x89 ./system/src/stm32f4-hal/stm32f4xx_hal.o
 .debug_macro   0x000000000000de11      0x31a ./system/src/stm32f4-hal/stm32f4xx_hal.o
 .debug_macro   0x000000000000e12b      0x409 ./system/src/stm32f4-hal/stm32f4xx_hal.o
 .debug_macro   0x000000000000e534       0xe4 ./system/src/stm32f4-hal/stm32f4xx_hal.o
 .debug_macro   0x000000000000e618      0x48d ./system/src/stm32f4-hal/stm32f4xx_hal.o
 .debug_macro   0x000000000000eaa5      0x22b ./system/src/stm32f4-hal/stm32f4xx_hal.o
 .debug_macro   0x000000000000ecd0      0x202 ./system/src/stm32f4-hal/stm32f4xx_hal.o
 .debug_macro   0x000000000000eed2      0x6d9 ./system/src/stm32f4-hal/stm32f4xx_hal.o
 .debug_macro   0x000000000000f5ab       0x5b ./system/src/stm32f4-hal/stm32f4xx_hal.o
 .debug_macro   0x000000000000f606      0x14d ./system/src/stm32f4-hal/stm32f4xx_hal.o
 .debug_macro   0x000000000000f753      0x287 ./system/src/stm32f4-hal/stm32f4xx_hal.o
 .debug_macro   0x000000000000f9da      0x225 ./system/src/stm32f4-hal/stm32f4xx_hal.o
 .debug_macro   0x000000000000fbff      0x1b5 ./system/src/stm32f4-hal/stm32f4xx_hal.o
 .debug_macro   0x000000000000fdb4      0x2db ./system/src/stm32f4-hal/stm32f4xx_hal.o
 .debug_macro   0x000000000001008f       0x89 ./system/src/stm32f4-hal/stm32f4xx_hal.o
 .debug_macro   0x0000000000010118      0x1df ./system/src/stm32f4-hal/stm32f4xx_hal.o
 .debug_macro   0x00000000000102f7      0x115 ./system/src/stm32f4-hal/stm32f4xx_hal.o
 .debug_macro   0x000000000001040c       0x6e ./system/src/stm32f4-hal/stm32f4xx_hal.o
 .debug_macro   0x000000000001047a      0x11e ./system/src/stm32f4-hal/stm32f4xx_hal.o
 .debug_macro   0x0000000000010598      0x4e4 ./system/src/stm32f4-hal/stm32f4xx_hal_cortex.o
 .debug_macro   0x0000000000010a7c      0x50e ./system/src/stm32f4-hal/stm32f4xx_hal_rcc.o
 .debug_macro   0x0000000000010f8a      0x1b4 ./system/src/newlib/_exit.o
 .debug_macro   0x000000000001113e      0x10e ./system/src/newlib/_exit.o
 .debug_macro   0x000000000001124c       0x8d ./system/src/newlib/_exit.o
 .debug_macro   0x00000000000112d9       0x35 ./system/src/newlib/_exit.o
 .debug_macro   0x000000000001130e      0x169 ./system/src/newlib/_sbrk.o
 .debug_macro   0x0000000000011477      0x174 ./system/src/newlib/_sbrk.o
 .debug_macro   0x00000000000115eb       0x10 ./system/src/newlib/_sbrk.o
 .debug_macro   0x00000000000115fb      0x23b ./system/src/newlib/_sbrk.o
 .debug_macro   0x0000000000011836      0x173 ./system/src/newlib/_startup.o
 .debug_macro   0x00000000000119a9      0xa72 ./system/src/newlib/_startup.o
 .debug_macro   0x000000000001241b      0x217 ./system/src/newlib/_syscalls.o
 .debug_macro   0x0000000000012632       0x1c ./system/src/newlib/_syscalls.o
 .debug_macro   0x000000000001264e       0x10 ./system/src/newlib/_syscalls.o
 .debug_macro   0x000000000001265e       0x10 ./system/src/newlib/_syscalls.o
 .debug_macro   0x000000000001266e       0x10 ./system/src/newlib/_syscalls.o
 .debug_macro   0x000000000001267e       0x35 ./system/src/newlib/_syscalls.o
 .debug_macro   0x00000000000126b3      0x122 ./system/src/newlib/_syscalls.o
 .debug_macro   0x00000000000127d5       0x88 ./system/src/newlib/_syscalls.o
 .debug_macro   0x000000000001285d       0x2b ./system/src/newlib/_syscalls.o
 .debug_macro   0x0000000000012888      0x118 ./system/src/newlib/_syscalls.o
 .debug_macro   0x00000000000129a0      0x189 ./system/src/newlib/_syscalls.o
 .debug_macro   0x0000000000012b29       0x16 ./system/src/newlib/_syscalls.o
 .debug_macro   0x0000000000012b3f      0x1d0 ./system/src/newlib/assert.o
 .debug_macro   0x0000000000012d0f       0x1c ./system/src/newlib/assert.o
 .debug_macro   0x0000000000012d2b      0x1fb ./system/src/diag/Trace.o
 .debug_macro   0x0000000000012f26       0x4c ./system/src/diag/Trace.o
 .debug_macro   0x0000000000012f72       0x16 ./system/src/diag/Trace.o
 .debug_macro   0x0000000000012f88      0x52a ./system/src/diag/trace_impl.o
 .debug_macro   0x00000000000134b2       0x22 ./system/src/diag/trace_impl.o
 .debug_macro   0x00000000000134d4      0x4ee ./system/src/cortexm/_initialize_hardware.o
 .debug_macro   0x00000000000139c2      0x557 ./system/src/cortexm/exception_handlers.o
 .debug_macro   0x0000000000013f19       0x3b ./system/src/cortexm/exception_handlers.o
 .debug_macro   0x0000000000013f54      0x4ea ./system/src/cmsis/system_stm32f4xx.o
 .debug_macro   0x000000000001443e       0x34 ./system/src/cmsis/vectors_stm32f401xe.o
 .debug_macro   0x0000000000014472      0x507 ./src/Timer.o
 .debug_macro   0x0000000000014979       0x10 ./src/Timer.o
 .debug_macro   0x0000000000014989      0x4e4 ./src/_initialize_hardware.o
 .debug_macro   0x0000000000014e6d      0x578 ./src/main.o
 .debug_macro   0x00000000000153e5       0x2e ./src/main.o
 .debug_macro   0x0000000000015413      0x4e4 ./src/stm32f4xx_hal_msp.o
